[0m15:52:35.253412 [debug] [MainThread]: Sending event: {'category': 'dbt', 'action': 'invocation', 'label': 'start', 'context': [<snowplow_tracker.self_describing_json.SelfDescribingJson object at 0x10a365940>, <snowplow_tracker.self_describing_json.SelfDescribingJson object at 0x10b390b50>, <snowplow_tracker.self_describing_json.SelfDescribingJson object at 0x10b390970>]}


============================== 15:52:35.257636 | 86e1bd29-9f3c-4cf6-9c0c-0b4051fe8e2a ==============================
[0m15:52:35.257636 [info ] [MainThread]: Running with dbt=1.10.20
[0m15:52:35.258225 [debug] [MainThread]: running dbt with arguments {'log_path': 'logs', 'invocation_command': 'dbt init fraud_pipeline --no-version-check', 'log_cache_events': 'False', 'use_experimental_parser': 'False', 'empty': 'None', 'warn_error_options': 'WarnErrorOptionsV2(error=[], warn=[], silence=[])', 'indirect_selection': 'eager', 'debug': 'False', 'profiles_dir': '/Users/johncollins/.dbt', 'log_format': 'default', 'warn_error': 'None', 'introspect': 'True', 'version_check': 'False', 'fail_fast': 'False', 'quiet': 'False', 'send_anonymous_usage_stats': 'True', 'use_colors': 'True', 'no_print': 'None', 'target_path': 'None', 'write_json': 'True', 'partial_parse': 'True', 'printer_width': '80', 'static_parser': 'True', 'cache_selected_only': 'False'}
[0m15:52:35.272217 [info ] [MainThread]: Creating dbt configuration folder at /Users/johncollins/.dbt
[0m15:52:35.273822 [debug] [MainThread]: Starter project path: /Users/johncollins/Library/Python/3.9/lib/python/site-packages/dbt/include/starter_project
[0m15:52:35.280652 [info ] [MainThread]: 
Your new dbt project "fraud_pipeline" was created!

For more information on how to configure the profiles.yml file,
please consult the dbt documentation here:

  https://docs.getdbt.com/docs/configure-your-profile

One more thing:

Need help? Don't hesitate to reach out to us via GitHub issues or on Slack:

  https://community.getdbt.com/

Happy modeling!

[0m15:52:35.281033 [info ] [MainThread]: Setting up your profile.
[0m16:06:31.010797 [info ] [MainThread]: Profile fraud_pipeline written to /Users/johncollins/.dbt/profiles.yml using target's sample configuration. Once updated, you'll be able to start developing with dbt.
[0m16:06:31.051925 [debug] [MainThread]: Resource report: {"command_name": "init", "command_success": true, "command_wall_clock_time": 835.88074, "process_in_blocks": "0", "process_kernel_time": 0.26706, "process_mem_max_rss": "97746944", "process_out_blocks": "0", "process_user_time": 1.377853}
[0m16:06:31.052634 [debug] [MainThread]: Command `dbt init` succeeded at 16:06:31.052484 after 835.88 seconds
[0m16:06:31.053229 [debug] [MainThread]: Sending event: {'category': 'dbt', 'action': 'invocation', 'label': 'end', 'context': [<snowplow_tracker.self_describing_json.SelfDescribingJson object at 0x10a365940>, <snowplow_tracker.self_describing_json.SelfDescribingJson object at 0x10b31c340>, <snowplow_tracker.self_describing_json.SelfDescribingJson object at 0x10b37b940>]}
[0m16:06:31.053794 [debug] [MainThread]: Flushing usage events
[0m16:06:31.424480 [debug] [MainThread]: An error was encountered while trying to flush usage events
